[1;92m▸ testhost[m
[90m╭[m[90m───────────────[m[90m┬[m[90m───────────────[m[90m┬[m[90m───────────────[m[90m┬[m[90m───────────────[m[90m┬[m[90m──────────────[m[90m╮[m
[90m│[m [1;94mSTACK[m         [90m│[m [1;94mCONTAINER[m     [90m│[m [1;94mIMAGE[m         [90m│[m [1;94mSTATUS[m        [90m│[m [1;94mPORTS[m        [90m│[m
[90m├[m[90m───────────────[m[90m┼[m[90m───────────────[m[90m┼[m[90m───────────────[m[90m┼[m[90m───────────────[m[90m┼[m[90m──────────────[m[90m┤[m
[90m╰[m[90m───────────────[m[90m┴[m[90m───────────────[m[90m┴[m[90m───────────────[m[90m┴[m[90m───────────────[m[90m┴[m[90m──────────────[m[90m╯[m
