[1;92m▸ testhost[m
[90m╭[m[90m─────────────[m[90m┬[m[90m─────────────[m[90m┬[m[90m──────────────[m[90m┬[m[90m──────────────────────[m[90m┬[m[90m────────────[m[90m╮[m
[90m│[m [1;94mSTACK[m       [90m│[m [1;94mCONTAINER[m   [90m│[m [1;94mIMAGE[m        [90m│[m [1;94mSTATUS[m               [90m│[m [1;94mPORTS[m      [90m│[m
[90m├[m[90m─────────────[m[90m┼[m[90m─────────────[m[90m┼[m[90m──────────────[m[90m┼[m[90m──────────────────────[m[90m┼[m[90m────────────[m[90m┤[m
[90m│[m [91m-[m           [90m│[m [91mold[m         [90m│[m [91mnginx:1.20[m   [90m│[m [91mExited (0) 1 day ago[m [90m│[m [91m[m           [90m│[m
[90m│[m cache       [90m│[m cache       [90m│[m redis:7      [90m│[m Up 1 hour            [90m│[m            [90m│[m
[90m│[m myapp       [90m│[m db          [90m│[m postgres:15  [90m│[m Up 2 hours           [90m│[m            [90m│[m
[90m│[m myapp       [90m│[m web         [90m│[m nginx:latest [90m│[m Up 2 hours           [90m│[m            [90m│[m
[90m╰[m[90m─────────────[m[90m┴[m[90m─────────────[m[90m┴[m[90m──────────────[m[90m┴[m[90m──────────────────────[m[90m┴[m[90m────────────[m[90m╯[m
