[1;92m▸ testhost[m
[90m╭[m[90m──────────────────────────[m[90m┬[m[90m─────────────────────────[m[90m┬[m[90m─────────────────────────[m[90m╮[m
[90m│[m [1;94mSTACK[m                    [90m│[m [1;94mDIR[m                     [90m│[m [1;94mSTATUS[m                  [90m│[m
[90m├[m[90m──────────────────────────[m[90m┼[m[90m─────────────────────────[m[90m┼[m[90m─────────────────────────[m[90m┤[m
[90m│[m alpha                    [90m│[m /opt/alpha              [90m│[m 3 running               [90m│[m
[90m│[m [38;5;214mdegraded[m                 [90m│[m [38;5;214m/opt/degraded[m           [90m│[m [38;5;214m1/3 running[m             [90m│[m
[90m│[m zebra                    [90m│[m /opt/zebra              [90m│[m 2 running               [90m│[m
[90m│[m [38;5;183malso-stopped[m             [90m│[m [38;5;183m/opt/also-stopped[m       [90m│[m [38;5;183mstopped[m                 [90m│[m
[90m│[m [38;5;183mbeta[m                     [90m│[m [38;5;183m/opt/beta[m               [90m│[m [38;5;183mstopped[m                 [90m│[m
[90m╰[m[90m──────────────────────────[m[90m┴[m[90m─────────────────────────[m[90m┴[m[90m─────────────────────────[m[90m╯[m
